Archive member included to satisfy reference by file (symbol)

/usr/lib/x86_64-linux-gnu/libc_nonshared.a(elf-init.oS)
                              /usr/bin/../lib/gcc/x86_64-linux-gnu/9/../../../x86_64-linux-gnu/crt1.o (__libc_csu_init)

Merging program properties

Removed property 0xc0000002 to merge /usr/bin/../lib/gcc/x86_64-linux-gnu/9/../../../x86_64-linux-gnu/crt1.o (0x3) and build/i_main.o (not found)
Removed property 0xc0000002 to merge /usr/bin/../lib/gcc/x86_64-linux-gnu/9/../../../x86_64-linux-gnu/crt1.o (not found) and /usr/lib/x86_64-linux-gnu/libc_nonshared.a(elf-init.oS) (0x3)
Removed property 0xc0000002 to merge /usr/bin/../lib/gcc/x86_64-linux-gnu/9/../../../x86_64-linux-gnu/crt1.o (not found) and /usr/bin/../lib/gcc/x86_64-linux-gnu/9/crtend.o (0x3)
Removed property 0xc0000002 to merge /usr/bin/../lib/gcc/x86_64-linux-gnu/9/../../../x86_64-linux-gnu/crt1.o (not found) and /usr/bin/../lib/gcc/x86_64-linux-gnu/9/../../../x86_64-linux-gnu/crtn.o (0x3)

Allocating common symbols
Common symbol       size              file

textureheight       0x8               build/r_data.o
bombdamage          0x4               build/p_map.o
intercept_p         0x8               build/p_maputl.o
ceilingline         0x8               build/p_map.o
screenheightarray   0x280             build/r_things.o
sscount             0x4               build/r_main.o
bottomtexture       0x4               build/r_segs.o
midtexture          0x4               build/r_segs.o
translationtables   0x8               build/r_draw.o
bestslideline       0x8               build/p_map.o
viewactive          0x4               build/g_game.o
finaleflat          0x8               build/f_finale.o
dc_texturemid       0x4               build/r_draw.o
pspritescale        0x4               build/r_things.o
sound_e             0x4               build/m_menu.o
flatmemory          0x4               build/r_data.o
viewcos             0x4               build/r_main.o
numlines            0x4               build/p_setup.o
dc_iscale           0x4               build/r_draw.o
numsectors          0x4               build/p_setup.o
totalsecret         0x4               build/g_game.o
bottomslope         0x4               build/p_sight.o
sendsave            0x4               build/g_game.o
cachedxstep         0x320             build/r_plane.o
savegamestrings     0xf0              build/m_menu.o
demoname            0x8               build/g_game.o
advancedemo         0x4               build/d_main.o
lines               0x8               build/p_setup.o
bmapheight          0x4               build/p_setup.o
rejectmatrix        0x8               build/p_setup.o
startepisode        0x4               build/d_main.o
setdetail           0x4               build/r_main.o
spechit             0xa0              build/p_map.o
centerxfrac         0x4               build/r_main.o
gamestate           0x4               build/g_game.o
savegamelength      0x4               build/p_saveg.o
skytexturemid       0x4               build/r_sky.o
itemrespawnque      0x500             build/p_mobj.o
overflowsprite      0x50              build/r_things.o
scalelight          0x1800            build/r_main.o
vertexes            0x8               build/p_setup.o
ds_x1               0x4               build/r_draw.o
mousey              0x4               build/g_game.o
pagename            0x8               build/d_main.o
offsetms            0x4               build/d_loop.o
skyflatnum          0x4               build/r_sky.o
toptexture          0x4               build/r_segs.o
t2x                 0x4               build/p_sight.o
vissprites          0x2800            build/r_things.o
lastanim            0x8               build/p_spec.o
epi                 0x4               build/m_menu.o
bodyqueslot         0x4               build/g_game.o
netgame             0x4               build/g_game.o
floorclip           0x280             build/r_plane.o
respawnmonsters     0x4               build/g_game.o
firstflat           0x4               build/r_data.o
vsprsortedhead      0x50              build/r_things.o
baseyscale          0x4               build/r_plane.o
mceilingclip        0x8               build/r_things.o
demosequence        0x4               build/d_main.o
displayplayer       0x4               build/g_game.o
extralight          0x4               build/r_main.o
iquetail            0x4               build/p_mobj.o
caststate           0x8               build/f_finale.o
segs                0x8               build/p_setup.o
d_map               0x4               build/g_game.o
numsides            0x4               build/p_setup.o
cd_Error            0x4               build/i_cdmus.o
texturetranslation  0x8               build/r_data.o
viewplayer          0x8               build/r_main.o
colfunc             0x8               build/r_main.o
dc_yl               0x4               build/r_draw.o
storedemo           0x4               build/d_main.o
[...]
Memory Configuration

Name             Origin             Length             Attributes
*default*        0x0000000000000000 0xffffffffffffffff

Linker script and memory map

LOAD /usr/bin/../lib/gcc/x86_64-linux-gnu/9/../../../x86_64-linux-gnu/crt1.o
LOAD /usr/bin/../lib/gcc/x86_64-linux-gnu/9/../../../x86_64-linux-gnu/crti.o
LOAD /usr/bin/../lib/gcc/x86_64-linux-gnu/9/crtbegin.o
LOAD build/i_main.o
LOAD build/dummy.o
LOAD build/am_map.o
LOAD build/doomdef.o
LOAD build/doomstat.o
LOAD build/dstrings.o
LOAD build/d_event.o
LOAD build/d_items.o
LOAD build/d_iwad.o
LOAD build/d_loop.o
LOAD build/d_main.o
LOAD build/d_mode.o
LOAD build/d_net.o
LOAD build/f_finale.o
LOAD build/f_wipe.o
LOAD build/g_game.o
LOAD build/hu_lib.o
LOAD build/hu_stuff.o
LOAD build/info.o
LOAD build/i_cdmus.o
LOAD build/i_endoom.o
LOAD build/i_joystick.o
LOAD build/i_scale.o
LOAD build/i_sound.o
LOAD build/i_system.o
LOAD build/i_timer.o
LOAD build/memio.o
LOAD build/m_argv.o
LOAD build/m_bbox.o
LOAD build/m_cheat.o
LOAD build/m_config.o
LOAD build/m_controls.o
LOAD build/m_fixed.o
LOAD build/m_menu.o
LOAD build/m_misc.o
LOAD build/m_random.o
LOAD build/p_ceilng.o
LOAD build/p_doors.o
LOAD build/p_enemy.o
LOAD build/p_floor.o
LOAD build/p_inter.o
LOAD build/p_lights.o
LOAD build/p_map.o
LOAD build/p_maputl.o
LOAD build/p_mobj.o
LOAD build/p_plats.o
LOAD build/p_pspr.o
LOAD build/p_saveg.o
LOAD build/p_setup.o
LOAD build/p_sight.o
LOAD build/p_spec.o
LOAD build/p_switch.o
LOAD build/p_telept.o
LOAD build/p_tick.o
LOAD build/p_user.o
LOAD build/r_bsp.o
LOAD build/r_data.o
LOAD build/r_draw.o
LOAD build/r_main.o
LOAD build/r_plane.o
LOAD build/r_segs.o
LOAD build/r_sky.o
LOAD build/r_things.o
LOAD build/sha1.o
LOAD build/sounds.o
LOAD build/statdump.o
LOAD build/st_lib.o
LOAD build/st_stuff.o
LOAD build/s_sound.o
LOAD build/tables.o
LOAD build/v_video.o
LOAD build/wi_stuff.o
LOAD build/w_checksum.o
LOAD build/w_file.o
LOAD build/w_main.o
LOAD build/w_wad.o
LOAD build/z_zone.o
LOAD build/w_file_stdc.o
LOAD build/i_input.o
LOAD build/i_video.o
LOAD build/doomgeneric.o
LOAD build/doomgeneric_xlib.o
LOAD /usr/bin/../lib/gcc/x86_64-linux-gnu/9/../../../x86_64-linux-gnu/libm.so
START GROUP
LOAD /lib/x86_64-linux-gnu/libm.so.6
LOAD /lib/x86_64-linux-gnu/libmvec.so.1
END GROUP
LOAD /usr/bin/../lib/gcc/x86_64-linux-gnu/9/../../../x86_64-linux-gnu/libc.so
START GROUP
LOAD /lib/x86_64-linux-gnu/libc.so.6
LOAD /usr/lib/x86_64-linux-gnu/libc_nonshared.a
LOAD /lib/x86_64-linux-gnu/ld-linux-x86-64.so.2
END GROUP
LOAD /usr/bin/../lib/gcc/x86_64-linux-gnu/9/../../../x86_64-linux-gnu/libX11.so
LOAD /usr/bin/../lib/gcc/x86_64-linux-gnu/9/libgcc.a
LOAD /usr/bin/../lib/gcc/x86_64-linux-gnu/9/libgcc_s.so
START GROUP
LOAD /usr/bin/../lib/gcc/x86_64-linux-gnu/9/../../../x86_64-linux-gnu/libgcc_s.so.1
LOAD /usr/bin/../lib/gcc/x86_64-linux-gnu/9/libgcc.a
END GROUP
LOAD /usr/bin/../lib/gcc/x86_64-linux-gnu/9/../../../x86_64-linux-gnu/libc.so
START GROUP
LOAD /lib/x86_64-linux-gnu/libc.so.6
LOAD /usr/lib/x86_64-linux-gnu/libc_nonshared.a
LOAD /lib/x86_64-linux-gnu/ld-linux-x86-64.so.2
END GROUP
LOAD /usr/bin/../lib/gcc/x86_64-linux-gnu/9/libgcc.a
LOAD /usr/bin/../lib/gcc/x86_64-linux-gnu/9/libgcc_s.so
START GROUP
LOAD /usr/bin/../lib/gcc/x86_64-linux-gnu/9/../../../x86_64-linux-gnu/libgcc_s.so.1
LOAD /usr/bin/../lib/gcc/x86_64-linux-gnu/9/libgcc.a
END GROUP
LOAD /usr/bin/../lib/gcc/x86_64-linux-gnu/9/crtend.o
LOAD /usr/bin/../lib/gcc/x86_64-linux-gnu/9/../../../x86_64-linux-gnu/crtn.o
                [!provide]                        PROVIDE (__executable_start = SEGMENT_START ("text-segment", 0x400000))
                0x00000000004002a8                . = (SEGMENT_START ("text-segment", 0x400000) + SIZEOF_HEADERS)

.interp         0x00000000004002a8       0x1c
 *(.interp)
 .interp        0x00000000004002a8       0x1c /usr/bin/../lib/gcc/x86_64-linux-gnu/9/../../../x86_64-linux-gnu/crt1.o

.note.gnu.build-id
                0x00000000004002c4       0x24
 *(.note.gnu.build-id)
 .note.gnu.build-id
                0x00000000004002c4       0x24 /usr/bin/../lib/gcc/x86_64-linux-gnu/9/../../../x86_64-linux-gnu/crt1.o

.note.ABI-tag   0x00000000004002e8       0x20
 .note.ABI-tag  0x00000000004002e8       0x20 /usr/bin/../lib/gcc/x86_64-linux-gnu/9/../../../x86_64-linux-gnu/crt1.o

.hash
 *(.hash)

.gnu.hash       0x0000000000400308       0x24
 *(.gnu.hash)
 .gnu.hash      0x0000000000400308       0x24 /usr/bin/../lib/gcc/x86_64-linux-gnu/9/../../../x86_64-linux-gnu/crt1.o

.dynsym         0x0000000000400330      0x618
 *(.dynsym)
 .dynsym        0x0000000000400330      0x618 /usr/bin/../lib/gcc/x86_64-linux-gnu/9/../../../x86_64-linux-gnu/crt1.o

.dynstr         0x0000000000400948      0x2b2
 *(.dynstr)
 .dynstr        0x0000000000400948      0x2b2 /usr/bin/../lib/gcc/x86_64-linux-gnu/9/../../../x86_64-linux-gnu/crt1.o

.gnu.version    0x0000000000400bfa       0x82
 *(.gnu.version)
 .gnu.version   0x0000000000400bfa       0x82 /usr/bin/../lib/gcc/x86_64-linux-gnu/9/../../../x86_64-linux-gnu/crt1.o

.gnu.version_d  0x0000000000400c80        0x0
 *(.gnu.version_d)
 .gnu.version_d
                0x0000000000400c80        0x0 /usr/bin/../lib/gcc/x86_64-linux-gnu/9/../../../x86_64-linux-gnu/crt1.o

.gnu.version_r  0x0000000000400c80       0x50
 *(.gnu.version_r)
 .gnu.version_r
                0x0000000000400c80       0x50 /usr/bin/../lib/gcc/x86_64-linux-gnu/9/../../../x86_64-linux-gnu/crt1.o

.rela.dyn       0x0000000000400cd0       0x48
 *(.rela.init)
 *(.rela.text .rela.text.* .rela.gnu.linkonce.t.*)
 .rela.text     0x0000000000400cd0        0x0 /usr/bin/../lib/gcc/x86_64-linux-gnu/9/../../../x86_64-linux-gnu/crt1.o
 *(.rela.fini)
 *(.rela.rodata .rela.rodata.* .rela.gnu.linkonce.r.*)
 .rela.rodata   0x0000000000400cd0        0x0 /usr/bin/../lib/gcc/x86_64-linux-gnu/9/../../../x86_64-linux-gnu/crt1.o
 *(.rela.data .rela.data.* .rela.gnu.linkonce.d.*)
 .rela.data.rel.ro
                0x0000000000400cd0        0x0 /usr/bin/../lib/gcc/x86_64-linux-gnu/9/../../../x86_64-linux-gnu/crt1.o
 *(.rela.tdata .rela.tdata.* .rela.gnu.linkonce.td.*)
 *(.rela.tbss .rela.tbss.* .rela.gnu.linkonce.tb.*)
 *(.rela.ctors)
 *(.rela.dtors)
 *(.rela.got)
 .rela.got      0x0000000000400cd0       0x30 /usr/bin/../lib/gcc/x86_64-linux-gnu/9/../../../x86_64-linux-gnu/crt1.o
 *(.rela.bss .rela.bss.* .rela.gnu.linkonce.b.*)
 .rela.bss      0x0000000000400d00       0x18 /usr/bin/../lib/gcc/x86_64-linux-gnu/9/../../../x86_64-linux-gnu/crt1.o
 *(.rela.ldata .rela.ldata.* .rela.gnu.linkonce.l.*)
 *(.rela.lbss .rela.lbss.* .rela.gnu.linkonce.lb.*)
 *(.rela.lrodata .rela.lrodata.* .rela.gnu.linkonce.lr.*)
 *(.rela.ifunc)

.rela.plt       0x0000000000400d18      0x5b8
 *(.rela.plt)
 .rela.plt      0x0000000000400d18      0x5b8 /usr/bin/../lib/gcc/x86_64-linux-gnu/9/../../../x86_64-linux-gnu/crt1.o
                [!provide]                        PROVIDE (__rela_iplt_start = .)
 *(.rela.iplt)
 .rela.iplt     0x00000000004012d0        0x0 /usr/bin/../lib/gcc/x86_64-linux-gnu/9/../../../x86_64-linux-gnu/crt1.o
                [!provide]                        PROVIDE (__rela_iplt_end = .)
                0x0000000000402000                . = ALIGN (CONSTANT (MAXPAGESIZE))

.init           0x0000000000402000       0x1b
 *(SORT_NONE(.init))
 .init          0x0000000000402000       0x16 /usr/bin/../lib/gcc/x86_64-linux-gnu/9/../../../x86_64-linux-gnu/crti.o
                0x0000000000402000                _init
 .init          0x0000000000402016        0x5 /usr/bin/../lib/gcc/x86_64-linux-gnu/9/../../../x86_64-linux-gnu/crtn.o

.plt            0x0000000000402020      0x3e0
 *(.plt)
 .plt           0x0000000000402020      0x3e0 /usr/bin/../lib/gcc/x86_64-linux-gnu/9/../../../x86_64-linux-gnu/crt1.o
                0x0000000000402030                XkbSetDetectableAutoRepeat
                0x0000000000402040                printf@@GLIBC_2.2.5
                0x0000000000402050                memset@@GLIBC_2.2.5
                0x0000000000402060                ftell@@GLIBC_2.2.5
                0x0000000000402070                snprintf@@GLIBC_2.2.5
                0x0000000000402080                memchr@@GLIBC_2.2.5
                0x0000000000402090                puts@@GLIBC_2.2.5
                0x00000000004020a0                fseek@@GLIBC_2.2.5
                0x00000000004020b0                __isoc99_sscanf@@GLIBC_2.7
                0x00000000004020c0                toupper@@GLIBC_2.2.5
                0x00000000004020d0                exit@@GLIBC_2.2.5
                0x00000000004020e0                strcasecmp@@GLIBC_2.2.5
                0x00000000004020f0                gettimeofday@@GLIBC_2.2.5
                0x0000000000402100                putchar@@GLIBC_2.2.5
                0x0000000000402110                strncmp@@GLIBC_2.2.5
                0x0000000000402120                malloc@@GLIBC_2.2.5
                0x0000000000402130                fopen@@GLIBC_2.2.5
                0x0000000000402140                system@@GLIBC_2.2.5
                0x0000000000402150                XCreateSimpleWindow
                0x0000000000402160                XOpenDisplay
                0x0000000000402170                atof@@GLIBC_2.2.5
                0x0000000000402180                vfprintf@@GLIBC_2.2.5
                0x0000000000402190                __ctype_toupper_loc@@GLIBC_2.3
                0x00000000004021a0                XDrawPoint
                0x00000000004021b0                free@@GLIBC_2.2.5
                0x00000000004021c0                fread_unlocked@@GLIBC_2.2.5
                0x00000000004021d0                XCopyArea
                0x00000000004021e0                strlen@@GLIBC_2.2.5
                0x00000000004021f0                XSetForeground
                0x0000000000402200                XFillRectangle
                0x0000000000402210                strrchr@@GLIBC_2.2.5
                0x0000000000402220                XNextEvent
                0x0000000000402230                fwrite_unlocked@@GLIBC_2.2.5
                0x0000000000402240                usleep@@GLIBC_2.2.5
                0x0000000000402250                strstr@@GLIBC_2.2.5
                0x0000000000402260                atoi@@GLIBC_2.2.5
                0x0000000000402270                XMapWindow
                0x0000000000402280                vsnprintf@@GLIBC_2.2.5
                0x0000000000402290                fread@@GLIBC_2.2.5
                0x00000000004022a0                XCreateGC
                0x00000000004022b0                XSelectInput
                0x00000000004022c0                __errno_location@@GLIBC_2.2.5
                0x00000000004022d0                strdup@@GLIBC_2.2.5
                0x00000000004022e0                strncasecmp@@GLIBC_2.2.5
                0x00000000004022f0                strcmp@@GLIBC_2.2.5
                0x0000000000402300                tolower@@GLIBC_2.2.5
                0x0000000000402310                XKeycodeToKeysym
                0x0000000000402320                calloc@@GLIBC_2.2.5
                0x0000000000402330                fclose@@GLIBC_2.2.5
                0x0000000000402340                remove@@GLIBC_2.2.5
                0x0000000000402350                strncpy@@GLIBC_2.2.5
                0x0000000000402360                XChangeProperty
                0x0000000000402370                fwrite@@GLIBC_2.2.5
                0x0000000000402380                realloc@@GLIBC_2.2.5
                0x0000000000402390                XCreatePixmap
                0x00000000004023a0                fprintf@@GLIBC_2.2.5
                0x00000000004023b0                memcpy@@GLIBC_2.14
                0x00000000004023c0                rename@@GLIBC_2.2.5
                0x00000000004023d0                XPending
                0x00000000004023e0                mkdir@@GLIBC_2.2.5
                0x00000000004023f0                fflush@@GLIBC_2.2.5
 *(.iplt)
 .iplt          0x0000000000402400        0x0 /usr/bin/../lib/gcc/x86_64-linux-gnu/9/../../../x86_64-linux-gnu/crt1.o

.plt.got        0x0000000000402400        0x0
 *(.plt.got)
 .plt.got       0x0000000000402400        0x0 /usr/bin/../lib/gcc/x86_64-linux-gnu/9/../../../x86_64-linux-gnu/crt1.o

.plt.sec
 *(.plt.sec)

.text           0x0000000000402400    0x25b35
 *(.text.unlikely .text.*_unlikely .text.unlikely.*)
 *(.text.exit .text.exit.*)
 *(.text.startup .text.startup.*)
 *(.text.hot .text.hot.*)
 *(SORT_BY_NAME(.text.sorted.*))
 *(.text .stub .text.* .gnu.linkonce.t.*)
 .text          0x0000000000402400       0x35 /usr/bin/../lib/gcc/x86_64-linux-gnu/9/../../../x86_64-linux-gnu/crt1.o
                0x0000000000402400                _start
                0x0000000000402430                _dl_relocate_static_pie
 *fill*         0x0000000000402435        0xb 
 .text          0x0000000000402440       0xa6 /usr/bin/../lib/gcc/x86_64-linux-gnu/9/crtbegin.o
 *fill*         0x00000000004024e6        0x2 
 .text          0x00000000004024e8       0x2d build/i_main.o
                0x00000000004024e8                main
 *fill*         0x0000000000402515        0x3 
 .text          0x0000000000402518        0x1 build/dummy.o
                0x0000000000402518                I_InitTimidityConfig
 *fill*         0x0000000000402519        0x3 
 .text          0x000000000040251c     0x1a0b build/am_map.o
                0x000000000040251c                AM_getIslope
                0x0000000000402572                AM_activateNewScale
                0x0000000000402623                AM_saveScaleAndLoc
                0x0000000000402654                AM_restoreScaleAndLoc
                0x00000000004026fc                AM_addMark
                0x0000000000402761                AM_findMinMaxBoundaries
                0x000000000040287f                AM_changeWindowLoc
                0x0000000000402940                AM_initVariables
                0x0000000000402a9b                AM_loadPics
                0x0000000000402ae5                AM_unloadPics
                0x0000000000402b1e                AM_clearMarks
                0x0000000000402b40                AM_LevelInit
                0x0000000000402bb3                AM_Stop
                0x0000000000402bd6                AM_Start
                0x0000000000402c4b                AM_minOutWindowScale
                0x0000000000402c6e                AM_maxOutWindowScale
                0x0000000000402c91                AM_Responder
                0x0000000000403100                AM_changeWindowScale
                0x0000000000403160                AM_doFollowPlayer
                0x0000000000403231                AM_updateLightLev
                0x0000000000403290                AM_Ticker
                0x00000000004032d5                AM_clearFB
                0x0000000000403307                AM_clipMline
                0x0000000000403669                AM_drawFline
                0x00000000004037f8                AM_drawMline
                0x0000000000403818                AM_drawGrid
                0x000000000040392a                AM_drawWalls
                0x0000000000403a50                AM_rotate
                0x0000000000403aba                AM_drawLineCharacter
                0x0000000000403bfc                AM_drawPlayers
                0x0000000000403ccb                AM_drawThings
                0x0000000000403d48                AM_drawMarks
                0x0000000000403e1b                AM_drawCrosshair
                0x0000000000403e53                AM_Drawer
 *fill*         0x0000000000403f27        0x1 
 .text          0x0000000000403f28       0x77 build/d_event.o
                0x0000000000403f28                D_PostEvent
                0x0000000000403f66                D_PopEvent
 *fill*         0x0000000000403f9f        0x1 
 .text          0x0000000000403fa0      0x3f8 build/d_iwad.o
                0x0000000000403fa0                D_FindWADByName
                0x00000000004040b2                D_TryFindWADByName
                0x00000000004040c4                D_FindIWAD
                0x00000000004042ac                D_FindAllIWADs
                0x000000000040431a                D_SaveGameIWADName
                0x000000000040433d                D_SuggestIWADName
                0x0000000000404368                D_SuggestGameName
 .text          0x0000000000404398      0x5c6 build/d_loop.o
                0x0000000000404398                NetUpdate
                0x0000000000404510                D_ReceiveTic
                0x00000000004045a1                D_StartGameLoop
                0x00000000004045ee                D_StartNetGame
                0x0000000000404625                D_InitNetGame
                0x0000000000404645                D_QuitNetGame
                0x0000000000404646                TryRunTics
                0x0000000000404956                D_RegisterLoopCallbacks
 *fill*         0x000000000040495e        0x2 
 .text          0x0000000000404960     0x13c2 build/d_main.o
                0x0000000000404960                D_ProcessEvents
                0x000000000040499a                D_Display
                0x0000000000404ce3                D_PageDrawer
                0x0000000000404d02                D_BindVariables
                0x0000000000404e26                D_GrabMouseCallback
                0x0000000000404e58                D_DoomLoop
                0x0000000000404f1d                D_PageTicker
                0x0000000000404f3c                D_AdvanceDemo
                0x0000000000404f47                D_DoAdvanceDemo
                0x00000000004050b3                D_StartTitle
                0x00000000004050d2                D_IdentifyVersion
                0x000000000040524d                D_SetGameDescription
                0x0000000000405330                PrintDehackedBanners
                0x0000000000405331                PrintGameVersion
                0x0000000000405374                D_DoomMain
 *fill*         0x0000000000405d22        0x2 
 .text          0x0000000000405d24      0x11d build/d_mode.o
                0x0000000000405d24                D_ValidGameMode
                0x0000000000405d4a                D_ValidEpisodeMap
                0x0000000000405db9                D_GetNumEpisodes
                0x0000000000405de6                D_ValidGameVersion
                0x0000000000405e17                D_IsEpisodeMap
                0x0000000000405e2a                D_GameMissionString
 *fill*         0x0000000000405e41        0x3 
 .text          0x0000000000405e44      0x378 build/d_net.o
                0x0000000000405e44                D_ConnectNetGame
                0x0000000000405f1f                D_CheckNetGame
 .text          0x00000000004061bc      0xb41 build/f_finale.o
                0x00000000004061bc                F_StartFinale
                0x0000000000406298                F_Responder
                0x00000000004062a8                F_CastResponder
                0x0000000000406326                F_Ticker
                0x00000000004063ed                F_StartCast
                0x0000000000406460                F_CastTicker
                0x0000000000406841                F_TextWrite
                0x000000000040696b                F_CastPrint
                0x0000000000406a19                F_CastDrawer
                0x0000000000406aaf                F_DrawPatchCol
                0x0000000000406b12                F_BunnyScroll
                0x0000000000406c88                F_Drawer
 *fill*         0x0000000000406cfd        0x3 
 .text          0x0000000000406d00      0x4b7 build/f_wipe.o
                0x0000000000406d00                wipe_shittyColMajorXform
                0x0000000000406d9b                wipe_initColorXForm
                0x0000000000406dbf                wipe_doColorXForm
                0x0000000000406e23                wipe_exitColorXForm
                0x0000000000406e26                wipe_initMelt
                0x0000000000406f17                wipe_doMelt
                0x000000000040707e                wipe_exitMelt
                0x00000000004070a7                wipe_StartScreen
                0x00000000004070cc                wipe_EndScreen
                0x0000000000407120                wipe_ScreenWipe
 *fill*         0x00000000004071b7        0x1 
 .text          0x00000000004071b8     0x22bb build/g_game.o
                0x00000000004071b8                G_CmdChecksum
                0x00000000004071c1                G_BuildTiccmd
                0x000000000040787a                G_DoLoadLevel
                0x0000000000407a0a                G_Responder
                0x0000000000407d0d                G_Ticker
                0x000000000040806a                G_DoReborn
                0x0000000000408136                G_DoNewGame
                0x0000000000408199                G_DoLoadGame
                0x000000000040824d                G_DoSaveGame
                0x0000000000408393                G_DoPlayDemo
                0x0000000000408595                G_DoCompleted
                0x0000000000408881                G_DoWorldDone
                0x00000000004088af                G_ReadDemoTiccmd
                0x000000000040892f                G_WriteDemoTiccmd
                0x0000000000408a78                G_InitPlayer
                0x0000000000408a7d                G_PlayerReborn
                0x0000000000408b1a                G_PlayerFinishLevel
                0x0000000000408b5e                G_CheckSpot
                0x0000000000408d31                G_DeathMatchSpawnPlayer
                0x0000000000408dcd                G_ScreenShot
                0x0000000000408dd8                G_ExitLevel
                0x0000000000408ded                G_SecretExitLevel
                0x0000000000408e20                G_WorldDone
                0x0000000000408e7e                G_LoadGame
                0x0000000000408e9d                G_InitNew
                0x000000000040907b                G_SaveGame
                0x000000000040909d                G_DeferedInitNew
                0x00000000004090ba                G_CheckDemoStatus
                0x00000000004091e8                G_RecordDemo
                0x0000000000409295                G_VanillaVersionCode
                0x00000000004092d3                G_BeginRecording
                0x0000000000409429                G_DeferedPlayDemo
                0x000000000040943b                G_TimeDemo
 *fill*         0x0000000000409473        0x1 
 .text          0x0000000000409474      0x5c7 build/hu_lib.o
                0x0000000000409474                HUlib_init
                0x0000000000409475                HUlib_clearTextLine
                0x0000000000409488                HUlib_initTextLine
                0x00000000004094a8                HUlib_addCharToTextLine
                0x00000000004094d5                HUlib_delCharFromTextLine
                0x00000000004094fa                HUlib_drawTextLine
                0x00000000004095cf                HUlib_eraseTextLine
                0x0000000000409681                HUlib_initSText
                0x00000000004096ee                HUlib_addLineToSText
                0x0000000000409740                HUlib_addMessageToSText
                0x00000000004097f6                HUlib_drawSText
                0x000000000040984f                HUlib_eraseSText
                0x00000000004098b4                HUlib_initIText
                0x00000000004098e3                HUlib_delCharFromIText
                0x0000000000409905                HUlib_eraseLineFromIText
                0x000000000040992b                HUlib_resetIText
                0x000000000040993f                HUlib_addPrefixToIText
                0x000000000040997c                HUlib_keyInIText
                0x00000000004099f4                HUlib_drawIText
                0x0000000000409a08                HUlib_eraseIText
 *fill*         0x0000000000409a3b        0x1 
 .text          0x0000000000409a3c      0x7f8 build/hu_stuff.o
                0x0000000000409a3c                HU_Init
                0x0000000000409a88                HU_Stop
                0x0000000000409a90                HU_Start
                0x0000000000409c46                HU_Drawer
                0x0000000000409c73                HU_Erase
                0x0000000000409c93                HU_Ticker
                0x0000000000409e46                HU_queueChatChar
                0x0000000000409e7c                HU_dequeueChatChar
                0x0000000000409ea0                HU_Responder
 .text          0x000000000040a234        0x1 build/i_endoom.o
                0x000000000040a234                I_Endoom
 *fill*         0x000000000040a235        0x3 
 .text          0x000000000040a238       0xc7 build/i_joystick.o
                0x000000000040a238                I_ShutdownJoystick
                0x000000000040a239                I_InitJoystick
                0x000000000040a23a                I_UpdateJoystick
                0x000000000040a23b                I_BindJoystickVariables
 *fill*         0x000000000040a2ff        0x1 
 .text          0x000000000040a300       0x67 build/i_sound.o
                0x000000000040a300                I_InitSound
                0x000000000040a34a                I_ShutdownSound
                0x000000000040a34b                I_GetSfxLumpNum
                0x000000000040a34e                I_UpdateSound
                0x000000000040a34f                I_UpdateSoundParams
                0x000000000040a350                I_StartSound
                0x000000000040a353                I_StopSound
                0x000000000040a354                I_SoundIsPlaying
                0x000000000040a357                I_PrecacheSounds
                0x000000000040a358                I_InitMusic
                0x000000000040a359                I_ShutdownMusic
                0x000000000040a35a                I_SetMusicVolume
                0x000000000040a35b                I_PauseSong
                0x000000000040a35c                I_ResumeSong
                0x000000000040a35d                I_RegisterSong
                0x000000000040a360                I_UnRegisterSong
                0x000000000040a361                I_PlaySong
                0x000000000040a362                I_StopSong
                0x000000000040a363                I_MusicIsPlaying
                0x000000000040a366                I_BindSoundVariables
 *fill*         0x000000000040a367        0x1 
 .text          0x000000000040a368      0x52d build/i_system.o
                0x000000000040a368                I_AtExit
                0x000000000040a399                I_Tactile
                0x000000000040a39a                I_ZoneBase
                0x000000000040a437                I_PrintBanner
                0x000000000040a474                I_PrintDivider
                0x000000000040a493                I_PrintStartupBanner
                0x000000000040a4b9                I_ConsoleStdout
                0x000000000040a4bc                I_Quit
                0x000000000040a4d3                I_Error
                0x000000000040a6ff                I_GetMemoryValue
 *fill*         0x000000000040a895        0x3 
 .text          0x000000000040a898       0x58 build/i_timer.o
                0x000000000040a898                I_GetTicks
                0x000000000040a89f                I_GetTime
                0x000000000040a8cb                I_GetTimeMS
                0x000000000040a8e9                I_Sleep
                0x000000000040a8ee                I_WaitVBL
                0x000000000040a8ef                I_InitTimer
 .text          0x000000000040a8f0       0x94 build/m_argv.o
                0x000000000040a8f0                M_CheckParmWithArgs
                0x000000000040a944                M_ParmExists
                0x000000000040a957                M_CheckParm
                0x000000000040a95e                M_FindResponseFile
                0x000000000040a95f                M_GetExecutableName
 .text          0x000000000040a984       0x33 build/m_bbox.o
                0x000000000040a984                M_ClearBox
                0x000000000040a98f                M_AddToBox
 *fill*         0x000000000040a9b7        0x1 
 .text          0x000000000040a9b8       0xbf build/m_cheat.o
                0x000000000040a9b8                cht_CheckCheat
                0x000000000040aa64                cht_GetParam
 *fill*         0x000000000040aa77        0x1 
 .text          0x000000000040aa78      0x33a build/m_config.o
                0x000000000040aa78                M_SetConfigFilenames
                0x000000000040aa87                M_SaveDefaults
                0x000000000040aa88                M_SaveDefaultsAlternate
                0x000000000040aa89                M_LoadDefaults
                0x000000000040ab49                M_BindVariable
                0x000000000040abac                M_SetVariable
                0x000000000040ac3f                M_GetIntVariable
                0x000000000040ac63                M_GetStrVariable
                0x000000000040ac87                M_GetFloatVariable
                0x000000000040acab                M_SetConfigDir
                0x000000000040acee                M_GetSaveGameDir
 *fill*         0x000000000040adb2        0x2 
 .text          0x000000000040adb4      0x760 build/m_controls.o
                0x000000000040adb4                M_BindBaseControls
                0x000000000040af4b                M_BindHereticControls
                0x000000000040afd4                M_BindHexenControls
                0x000000000040b07b                M_BindStrifeControls
                0x000000000040b1a9                M_BindWeaponControls
                0x000000000040b27d                M_BindMapControls
                0x000000000040b333                M_BindMenuControls
                0x000000000040b4ac                M_BindChatControls
                0x000000000040b513                M_ApplyPlatformDefaults
 .text          0x000000000040b514       0x44 build/m_fixed.o
                0x000000000040b514                FixedMul
                0x000000000040b523                FixedDiv
 .text          0x000000000040b558     0x1f05 build/m_menu.o
                0x000000000040b558                M_NewGame
                0x000000000040b5e8                M_Options
                0x000000000040b602                M_LoadGame
                0x000000000040b667                M_SaveGame
                0x000000000040b6d6                M_ReadThis
                0x000000000040b6f0                M_QuitDOOM
                0x000000000040b773                M_DrawMainMenu
                0x000000000040b796                M_Episode
                0x000000000040b831                M_DrawEpisode
                0x000000000040b854                M_ChooseSkill
                0x000000000040b8ab                M_DrawNewGame
                0x000000000040b8ef                M_EndGame
                0x000000000040b976                M_ChangeMessages
                0x000000000040b9b6                M_ChangeDetail
                0x000000000040b9ff                M_SizeDisplay
                0x000000000040ba46                M_ChangeSensitivity
                0x000000000040ba71                M_Sound
                0x000000000040ba8b                M_DrawOptions
                0x000000000040bb6c                M_ReadThis2
                0x000000000040bbb0                M_DrawReadThis1
                0x000000000040bc67                M_FinishReadThis
                0x000000000040bc81                M_DrawReadThis2
                0x000000000040bca8                M_SfxVol
                0x000000000040bce6                M_MusicVol
                0x000000000040bd24                M_DrawSound
                0x000000000040bd89                M_LoadSelect
                0x000000000040bdc4                M_DrawLoad
                0x000000000040be34                M_SaveSelect
                0x000000000040be8a                M_DrawSave
                0x000000000040bf43                M_ReadSaveStrings
                0x000000000040bff0                M_DrawSaveLoadBorder
                0x000000000040c079                M_WriteText
                0x000000000040c0e9                M_ClearMenus
                0x000000000040c0f4                M_StartMessage
                0x000000000040c126                M_SetupNextMenu
                0x000000000040c139                M_StringWidth
                0x000000000040c19b                M_DoSave
                0x000000000040c1cd                M_QuickSaveResponse
                0x000000000040c218                M_QuickSave
                0x000000000040c2f9                M_StartControlPanel
                0x000000000040c327                M_QuickLoadResponse
                0x000000000040c34a                M_QuickLoad
                0x000000000040c3d6                M_DrawThermo
                0x000000000040c47b                M_VerifyNightmare
                0x000000000040c4a7                M_EndGameResponse
                0x000000000040c4d1                M_QuitResponse
                0x000000000040c51d                M_DrawEmptyCell
                0x000000000040c554                M_DrawSelCell
                0x000000000040c58b                M_StopMessage
                0x000000000040c5a2                M_StringHeight
                0x000000000040c5f9                M_Responder
                0x000000000040d144                M_Drawer
                0x000000000040d383                M_Ticker
                0x000000000040d3aa                M_Init
 *fill*         0x000000000040d45d        0x3 
 .text          0x000000000040d460      0x79d build/m_misc.o
                0x000000000040d460                M_MakeDirectory
                0x000000000040d46a                M_FileExists
                0x000000000040d49b                M_FileLength
                0x000000000040d4db                M_WriteFile
                0x000000000040d528                M_ReadFile
                0x000000000040d5c6                M_TempFile
                0x000000000040d5dc                M_StringJoin
                0x000000000040d768                M_StrToInt
                0x000000000040d7db                M_ExtractFileBase
                0x000000000040d849                M_ForceUppercase
                0x000000000040d87e                M_StrCaseStr
                0x000000000040d8db                M_StringDuplicate
                0x000000000040d911                M_StringReplace
                0x000000000040da20                M_StringCopy
                0x000000000040da5a                M_StringConcat
                0x000000000040da8d                M_StringStartsWith
                0x000000000040dacc                M_StringEndsWith
                0x000000000040db11                M_vsnprintf
                0x000000000040db48                M_snprintf
 *fill*         0x000000000040dbfd        0x3 
 .text          0x000000000040dc00       0x41 build/m_random.o
                0x000000000040dc00                P_Random
                0x000000000040dc19                M_Random
                0x000000000040dc32                M_ClearRandom
 *fill*         0x000000000040dc41        0x3 
 .text          0x000000000040dc44      0x3e3 build/p_ceilng.o
                0x000000000040dc44                T_MoveCeiling
                0x000000000040dd8c                P_RemoveActiveCeiling
                0x000000000040ddce                EV_DoCeiling
                0x000000000040df86                P_ActivateInStasisCeiling
                0x000000000040dfbd                P_AddActiveCeiling
                0x000000000040dfdd                EV_CeilingCrushStop
 *fill*         0x000000000040e027        0x1 
 .text          0x000000000040e028      0x75f build/p_doors.o
                0x000000000040e028                T_VerticalDoor
                0x000000000040e1b5                EV_DoLockedDoor
                0x000000000040e261                EV_DoDoor
                0x000000000040e452                EV_VerticalDoor
                0x000000000040e6ba                P_SpawnDoorCloseIn30
                0x000000000040e712                P_SpawnDoorRaiseIn5Mins
 *fill*         0x000000000040e787        0x1 
 .text          0x000000000040e788     0x1fbf build/p_enemy.o
                0x000000000040e788                P_RecursiveSound
                0x000000000040e84f                P_NoiseAlert
                0x000000000040e86a                P_CheckMeleeRange
                0x000000000040e8c4                P_CheckMissileRange
                0x000000000040e9a5                P_Move
                0x000000000040eac1                P_TryWalk
                0x000000000040eae7                P_NewChaseDir
                0x000000000040ecce                P_LookForPlayers
                0x000000000040edb8                A_KeenDie
                0x000000000040ee20                A_Fall
                0x000000000040ee28                A_Look
                0x000000000040eef6                A_Chase
                0x000000000040f104                A_FaceTarget
                0x000000000040f15c                A_PosAttack
                0x000000000040f205                A_SPosAttack
                0x000000000040f2b5                A_CPosAttack
                0x000000000040f35e                A_CPosRefire
                0x000000000040f3a7                A_SpidRefire
                0x000000000040f3f0                A_BspiAttack
                0x000000000040f41a                A_TroopAttack
                0x000000000040f48c                A_SargAttack
                0x000000000040f4e9                A_HeadAttack
                0x000000000040f55d                A_CyberAttack
                0x000000000040f587                A_BruisAttack
                0x000000000040f5f0                A_SkelMissile
                0x000000000040f641                A_Tracer
                0x000000000040f7ac                A_SkelWhoosh
                0x000000000040f7cf                A_SkelFist
                0x000000000040f849                PIT_VileCheck
                0x000000000040f8db                A_VileChase
                0x000000000040fa3f                A_VileStart
                0x000000000040fa49                A_StartFire
                0x000000000040fa60                A_Fire
                0x000000000040fb08                A_FireCrackle
                0x000000000040fb1f                A_VileTarget
                0x000000000040fb72                A_VileAttack
                0x000000000040fc64                A_FatRaise
                0x000000000040fc7b                A_FatAttack1
                0x000000000040fd09                A_FatAttack2
                0x000000000040fd9b                A_FatAttack3
                0x000000000040fe79                A_SkullAttack
                0x000000000040ff39                A_PainShootSkull
                0x0000000000410045                A_PainAttack
                0x0000000000410066                A_PainDie
                0x000000000041009f                A_Scream
                0x000000000041010c                A_XScream
                0x0000000000410116                A_Pain
                0x0000000000410129                A_Explode
                0x000000000041013a                A_BossDeath
                0x0000000000410357                A_Hoof
                0x000000000041036e                A_Metal
                0x0000000000410385                A_BabyMetal
                0x000000000041039c                A_OpenShotgun2
                0x00000000004103a9                A_LoadShotgun2
                0x00000000004103b6                A_CloseShotgun2
                0x00000000004103df                A_BrainAwake
                0x0000000000410439                A_BrainPain
                0x0000000000410445                A_BrainScream
                0x00000000004104f2                A_BrainExplode
                0x000000000041056f                A_BrainDie
                0x0000000000410574                A_BrainSpit
                0x00000000004105fc                A_SpawnSound
                0x0000000000410613                A_SpawnFly
                0x0000000000410724                A_PlayerScream
 *fill*         0x0000000000410747        0x1 
 .text          0x0000000000410748      0x79b build/p_floor.o
                0x0000000000410748                T_MovePlane
                0x0000000000410888                T_MoveFloor
                0x0000000000410927                EV_DoFloor
                0x0000000000410d12                EV_BuildStairs
 *fill*         0x0000000000410ee3        0x1 
 .text          0x0000000000410ee4      0xed8 build/p_inter.o
                0x0000000000410ee4                P_GiveAmmo
                0x000000000041100c                P_GiveWeapon
                0x000000000041111b                P_GiveBody
                0x0000000000411144                P_GiveArmor
                0x000000000041115a                P_GiveCard
                0x0000000000411177                P_GivePower
                0x00000000004111fb                P_TouchSpecialThing
                0x0000000000411913                P_KillMobj
                0x0000000000411ac0                P_DamageMobj
 .text          0x0000000000411dbc      0x3fa build/p_lights.o
                0x0000000000411dbc                T_FireFlicker
                0x0000000000411df3                P_SpawnFireFlicker
                0x0000000000411e4d                T_LightFlash
                0x0000000000411e8a                P_SpawnLightFlash
                0x0000000000411ef5                T_StrobeFlash
                0x0000000000411f26                P_SpawnStrobeFlash
                0x0000000000411fac                EV_StartLightStrobing
                0x0000000000411ff7                EV_TurnTagLightsOff
                0x000000000041207a                EV_LightTurnOn
                0x0000000000412108                T_Glow
                0x0000000000412159                P_SpawnGlowingLight
 *fill*         0x00000000004121b6        0x2 
 .text          0x00000000004121b8     0x1556 build/p_map.o
                0x00000000004121b8                PIT_StompThing
                0x000000000041222e                P_TeleportMove
                0x00000000004123b2                PIT_CheckLine
                0x0000000000412558                PIT_CheckThing
                0x00000000004126f8                P_CheckPosition
                0x00000000004128c7                P_TryMove
                0x0000000000412a39                P_ThingHeightClip
                0x0000000000412a92                P_HitSlideLine
                0x0000000000412b86                PTR_SlideTraverse
                0x0000000000412c41                P_SlideMove
                0x0000000000412e32                PTR_AimTraverse
                0x0000000000412fb7                PTR_ShootTraverse
                0x00000000004132bd                P_AimLineAttack
                0x0000000000413358                P_LineAttack
                0x00000000004133d1                PTR_UseTraverse
                0x0000000000413439                P_UseLines
                0x0000000000413484                PIT_RadiusAttack
                0x0000000000413528                P_RadiusAttack
                0x00000000004135bf                PIT_ChangeSector
                0x00000000004136a5                P_ChangeSector
 *fill*         0x000000000041370e        0x2 
 .text          0x0000000000413710      0xa7b build/p_maputl.o
                0x0000000000413710                P_AproxDistance
                0x000000000041372b                P_PointOnLineSide
                0x00000000004137a0                P_BoxOnLineSide
                0x0000000000413853                P_PointOnDivlineSide
                0x00000000004138d2                P_MakeDivline
                0x00000000004138ec                P_InterceptVector
                0x0000000000413964                P_LineOpening
                0x00000000004139ac                P_UnsetThingPosition
                0x0000000000413a49                P_SetThingPosition
                0x0000000000413af5                P_BlockLinesIterator
                0x0000000000413b93                P_BlockThingsIterator
                0x0000000000413bee                PIT_AddLineIntercepts
                0x0000000000413d56                PIT_AddThingIntercepts
                0x0000000000413e26                P_TraverseIntercepts
                0x0000000000413eb9                P_PathTraverse
 *fill*         0x000000000041418b        0x1 
 .text          0x000000000041418c     0x110e build/p_mobj.o
                0x000000000041418c                P_SetMobjState
                0x000000000041420f                P_RemoveMobj
                0x00000000004142a0                P_ExplodeMissile
                0x0000000000414308                P_XYMovement
                0x00000000004145c0                P_ZMovement
                0x000000000041476d                P_NightmareRespawn
                0x0000000000414887                P_SpawnMobj
                0x00000000004149c2                P_MobjThinker
                0x0000000000414a75                P_RespawnSpecials
                0x0000000000414b9a                P_SpawnPlayer
                0x0000000000414ccb                P_SpawnMapThing
                0x0000000000414eca                P_SpawnPuff
                0x0000000000414f56                P_SpawnBlood
                0x0000000000414fea                P_CheckMissileSpawn
                0x0000000000415043                P_SubstNullMobj
                0x000000000041506b                P_SpawnMissile
                0x0000000000415177                P_SpawnPlayerMissile
 *fill*         0x000000000041529a        0x2 
 .text          0x000000000041529c      0x4cd build/p_plats.o
                0x000000000041529c                T_PlatRaise
                0x00000000004153d3                P_RemoveActivePlat
                0x0000000000415426                EV_DoPlat
                0x00000000004156ce                P_ActivateInStasis
                0x0000000000415701                P_AddActivePlat
                0x000000000041572c                EV_StopPlat
 *fill*         0x0000000000415769        0x3 
 .text          0x000000000041576c      0xb8a build/p_pspr.o
                0x000000000041576c                P_SetPsprite
                0x0000000000415800                P_CalcSwing
                0x000000000041584b                P_BringUpWeapon
                0x00000000004158a7                P_CheckAmmo
                0x00000000004159bf                P_FireWeapon
                0x00000000004159ff                P_DropWeapon
                0x0000000000415a14                A_WeaponReady
                0x0000000000415b21                A_ReFire
                0x0000000000415b50                A_CheckReload
                0x0000000000415b55                A_Lower
                0x0000000000415b93                A_Raise
                0x0000000000415bc3                A_GunFlash
                0x0000000000415bf0                A_Punch
                0x0000000000415cb4                A_Saw
                0x0000000000415dc1                A_FireMissile
                0x0000000000415de4                A_FireBFG
                0x0000000000415e08                A_FirePlasma
                0x0000000000415e57                P_BulletSlope
                0x0000000000415ec8                P_GunShot
                0x0000000000415f3e                A_FirePistol
                0x0000000000415fa4                A_FireShotgun
                0x0000000000416010                A_FireShotgun2
                0x0000000000416109                A_FireCGun
                0x00000000004161b9                A_Light0
                0x00000000004161c4                A_Light1
                0x00000000004161cf                A_Light2
                0x00000000004161da                A_BFGSpray
                0x0000000000416278                A_BFGsound
                0x0000000000416285                P_SetupPsprites
                0x00000000004162a3                P_MovePsprites
 *fill*         0x00000000004162f6        0x2 
 .text          0x00000000004162f8     0x1b22 build/p_saveg.o
                0x00000000004162f8                P_TempSaveGameFile
                0x0000000000416323                P_SaveGameFile
                0x00000000004163a8                P_WriteSaveGameHeader
                0x00000000004164e2                P_ReadSaveGameHeader
                0x000000000041661e                P_ReadSaveGameEOF
                0x000000000041662f                P_WriteSaveGameEOF
                0x0000000000416639                P_ArchivePlayers
                0x0000000000416990                P_UnArchivePlayers
                0x0000000000416cd3                P_ArchiveWorld
                0x0000000000416efc                P_UnArchiveWorld
                0x000000000041712e                P_ArchiveThinkers
                0x0000000000417389                P_UnArchiveThinkers
                0x000000000041766c                P_ArchiveSpecials
                0x0000000000417992                P_UnArchiveSpecials
 *fill*         0x0000000000417e1a        0x2 
 .text          0x0000000000417e1c      0xe28 build/p_setup.o
                0x0000000000417e1c                P_LoadVertexes
                0x0000000000417e8e                GetSectorAtNullAddress
                0x0000000000417f06                P_LoadSegs
                0x0000000000418072                P_LoadSubsectors
                0x0000000000418104                P_LoadSectors
                0x00000000004181f0                P_LoadNodes
                0x00000000004182aa                P_LoadThings
                0x000000000041836c                P_LoadLineDefs
                0x0000000000418576                P_LoadSideDefs
                0x0000000000418667                P_LoadBlockMap
                0x00000000004186f6                P_GroupLines
                0x000000000041896c                P_SetupLevel
                0x0000000000418c2e                P_Init
 .text          0x0000000000418c44      0x429 build/p_sight.o
                0x0000000000418c44                P_DivlineSide
                0x0000000000418ca7                P_InterceptVector2
                0x0000000000418d1f                P_CrossSubsector
                0x0000000000418f0e                P_CrossBSPNode
                0x0000000000418fa6                P_CheckSight
 *fill*         0x000000000041906d        0x3 
 .text          0x0000000000419070      0xf26 build/p_spec.o
                0x0000000000419070                P_InitPicAnims
                0x000000000041914e                getSide
                0x0000000000419181                getSector
                0x00000000004191b5                twoSided
                0x00000000004191d7                getNextSector
                0x00000000004191ef                P_FindLowestFloorSurrounding
                0x000000000041922c                P_FindHighestFloorSurrounding
                0x0000000000419272                P_FindNextHighestFloor
                0x0000000000419332                P_FindLowestCeilingSurrounding
                0x0000000000419379                P_FindHighestCeilingSurrounding
                0x00000000004193ba                P_FindSectorFromLineTag
                0x00000000004193fc                P_FindMinSurroundingLight
                0x000000000041943b                P_CrossSpecialLine
                0x0000000000419874                P_ShootSpecialLine
                0x00000000004198dd                P_PlayerInSpecialSector
                0x00000000004199b7                P_UpdateSpecials
                0x0000000000419b4a                EV_DoDonut
                0x0000000000419de9                P_SpawnSpecials
 *fill*         0x0000000000419f96        0x2 
 .text          0x0000000000419f98      0x5ee build/p_switch.o
                0x0000000000419f98                P_InitSwitchList
                0x000000000041a039                P_StartButton
                0x000000000041a0a3                P_ChangeSwitchTexture
                0x000000000041a21c                P_UseSpecialLine
 *fill*         0x000000000041a586        0x2 
 .text          0x000000000041a588      0x19e build/p_telept.o
                0x000000000041a588                EV_Teleport
 *fill*         0x000000000041a726        0x2 
 .text          0x000000000041a728      0x115 build/p_tick.o
                0x000000000041a728                P_InitThinkers
                0x000000000041a73f                P_AddThinker
                0x000000000041a75d                P_RemoveThinker
                0x000000000041a766                P_AllocateThinker
                0x000000000041a767                P_RunThinkers
                0x000000000041a7ba                P_Ticker
 *fill*         0x000000000041a83d        0x3 
 .text          0x000000000041a840      0x4be build/p_user.o
                0x000000000041a840                P_Thrust
                0x000000000041a87e                P_CalcHeight
                0x000000000041a983                P_MovePlayer
                0x000000000041aa14                P_DeathThink
                0x000000000041aae0                P_PlayerThink
 *fill*         0x000000000041acfe        0x2 
 .text          0x000000000041ad00      0x524 build/r_bsp.o
                0x000000000041ad00                R_ClearDrawSegs
                0x000000000041ad0c                R_ClipSolidWallSegment
                0x000000000041adfd                R_ClipPassWallSegment
                0x000000000041ae69                R_ClearClipSegs
                0x000000000041ae96                R_AddLine
                0x000000000041afab                R_CheckBBox
                0x000000000041b0c6                R_Subsector
                0x000000000041b19c                R_RenderBSPNode
 .text          0x000000000041b224      0xeb5 build/r_data.o
                0x000000000041b224                R_DrawColumnInCache
                0x000000000041b299                R_GenerateComposite
                0x000000000041b3d6                R_GenerateLookup
                0x000000000041b57c                R_GetColumn
                0x000000000041b5ed                R_InitTextures
                0x000000000041bb28                R_InitFlats
                0x000000000041bb95                R_InitSpriteLumps
                0x000000000041bc8a                R_InitColormaps
                0x000000000041bcaa                R_InitData
                0x000000000041bcf7                R_FlatNumForName
                0x000000000041bd3a                R_CheckTextureNumForName
                0x000000000041bd95                R_TextureNumForName
                0x000000000041bdc1                R_PrecacheLevel
 *fill*         0x000000000041c0d9        0x3 
 .text          0x000000000041c0dc      0xc14 build/r_draw.o
                0x000000000041c0dc                R_DrawColumn
                0x000000000041c194                R_DrawColumnLow
                0x000000000041c260                R_DrawFuzzColumn
                0x000000000041c342                R_DrawFuzzColumnLow
                0x000000000041c463                R_DrawTranslatedColumn
                0x000000000041c524                R_DrawTranslatedColumnLow
                0x000000000041c61b                R_InitTranslationTables
                0x000000000041c6b1                R_DrawSpan
                0x000000000041c78d                R_DrawSpanLow
                0x000000000041c89a                R_InitBuffer
                0x000000000041c916                R_FillBackScreen
                0x000000000041cbb6                R_VideoErase
                0x000000000041cbda                R_DrawViewBorder
 .text          0x000000000041ccf0      0x955 build/r_main.o
                0x000000000041ccf0                R_AddPointToBox
                0x000000000041cd0f                R_PointOnSide
                0x000000000041cd88                R_PointOnSegSide
                0x000000000041ce0e                R_PointToAngle
                0x000000000041cefb                R_PointToAngle2
                0x000000000041cf10                R_PointToDist
                0x000000000041cf69                R_InitPointToAngle
                0x000000000041cf6a                R_ScaleFromGlobalAngle
                0x000000000041cfed                R_InitTables
                0x000000000041cfee                R_InitTextureMapping
                0x000000000041d0f2                R_InitLightTables
                0x000000000041d195                R_SetViewSize
                0x000000000041d1ac                R_ExecuteSetViewSize
                0x000000000041d44f                R_Init
                0x000000000041d4d3                R_PointInSubsector
                0x000000000041d533                R_SetupFrame
                0x000000000041d5ff                R_RenderPlayerView
 *fill*         0x000000000041d645        0x3 
 .text          0x000000000041d648      0x6f8 build/r_plane.o
                0x000000000041d648                R_InitPlanes
                0x000000000041d649                R_MapPlane
                0x000000000041d7cf                R_ClearPlanes
                0x000000000041d879                R_FindPlane
                0x000000000041d92e                R_CheckPlane
                0x000000000041d9bd                R_MakeSpans
                0x000000000041dadb                R_DrawPlanes
 .text          0x000000000041dd40      0xdd7 build/r_segs.o
                0x000000000041dd40                R_RenderMaskedSegRange
                0x000000000041df59                R_RenderSegLoop
                0x000000000041e2ad                R_StoreWallRange
 *fill*         0x000000000041eb17        0x1 
 .text          0x000000000041eb18        0xb build/r_sky.o
                0x000000000041eb18                R_InitSkyMap
 *fill*         0x000000000041eb23        0x1 
 .text          0x000000000041eb24      0xfe2 build/r_things.o
                0x000000000041eb24                R_InstallSpriteLump
                0x000000000041ec63                R_InitSpriteDefs
                0x000000000041ef0b                R_InitSprites
                0x000000000041ef2c                R_ClearSprites
                0x000000000041ef38                R_NewVisSprite
                0x000000000041ef5b                R_DrawMaskedColumn
                0x000000000041f030                R_DrawVisSprite
                0x000000000041f15d                R_ProjectSprite
                0x000000000041f445                R_AddSprites
                0x000000000041f4a5                R_DrawPSprite
                0x000000000041f695                R_DrawPlayerSprites
                0x000000000041f722                R_SortVisSprites
                0x000000000041f81f                R_DrawSprite
                0x000000000041fa81                R_DrawMasked
 *fill*         0x000000000041fb06        0x2 
 .text          0x000000000041fb08     0x1450 build/sha1.o
                0x000000000041fb08                SHA1_Init
                0x000000000041fb23                SHA1_Update
                0x0000000000420dba                SHA1_Final
                0x0000000000420f17                SHA1_UpdateInt32
                0x0000000000420f30                SHA1_UpdateString
 .text          0x0000000000420f58       0x4d build/statdump.o
                0x0000000000420f58                StatCopy
                0x0000000000420fa4                StatDump
 *fill*         0x0000000000420fa5        0x3 
 .text          0x0000000000420fa8      0x3df build/st_lib.o
                0x0000000000420fa8                STlib_init
                0x0000000000420fc1                STlib_initNum
                0x0000000000420fe1                STlib_drawNum
                0x000000000042116a                STlib_updateNum
                0x0000000000421178                STlib_initPercent
                0x000000000042119b                STlib_updatePercent
                0x00000000004211ce                STlib_initMultIcon
                0x00000000004211e7                STlib_updateMultIcon
                0x00000000004212ba                STlib_initBinIcon
                0x00000000004212d3                STlib_updateBinIcon
 *fill*         0x0000000000421387        0x1 
 .text          0x0000000000421388     0x19b2 build/st_stuff.o
                0x0000000000421388                ST_refreshBackground
                0x00000000004213f6                ST_Responder
                0x00000000004218cf                ST_calcPainOffset
                0x000000000042191e                ST_updateFaceWidget
                0x0000000000421e2c                ST_updateWidgets
                0x0000000000421f10                ST_Ticker
                0x0000000000421f39                ST_doPaletteStuff
                0x0000000000421ffd                ST_drawWidgets
                0x00000000004220e0                ST_doRefresh
                0x00000000004220fb                ST_diffDraw
                0x0000000000422102                ST_Drawer
                0x0000000000422158                ST_loadGraphics
                0x00000000004224b4                ST_loadData
                0x00000000004224cb                ST_unloadGraphics
                0x0000000000422801                ST_unloadData
                0x0000000000422806                ST_initData
                0x0000000000422890                ST_createWidgets
                0x0000000000422c38                ST_Start
                0x0000000000422cdf                ST_Stop
                0x0000000000422d0a                ST_Init
 *fill*         0x0000000000422d3a        0x2 
 .text          0x0000000000422d3c      0x76b build/s_sound.o
                0x0000000000422d3c                S_Init
                0x0000000000422de7                S_SetSfxVolume
                0x0000000000422e08                S_SetMusicVolume
                0x0000000000422e29                S_Shutdown
                0x0000000000422e35                S_Start
                0x0000000000422f15                S_ChangeMusic
                0x0000000000422fea                S_StopSound
                0x0000000000423021                S_StartSound
                0x000000000042332c                S_PauseSound
                0x000000000042334e                S_ResumeSound
                0x0000000000423370                S_UpdateSounds
                0x0000000000423448                S_StartMusic
                0x000000000042344f                S_StopMusic
                0x00000000004234a2                S_MusicPlaying
 *fill*         0x00000000004234a7        0x1 
 .text          0x00000000004234a8       0x26 build/tables.o
                0x00000000004234a8                SlopeDiv
 *fill*         0x00000000004234ce        0x2 
 .text          0x00000000004234d0      0xeec build/v_video.o
                0x00000000004234d0                V_MarkRect
                0x000000000042352f                V_CopyRect
                0x0000000000423612                V_SetPatchClipCallback
                0x000000000042361a                V_DrawPatch
                0x0000000000423752                V_DrawPatchFlipped
                0x0000000000423875                V_DrawPatchDirect
                0x000000000042387a                V_DrawTLPatch
                0x0000000000423985                V_DrawXlaPatch
                0x0000000000423a6c                V_DrawAltTLPatch
                0x0000000000423b77                V_DrawShadowedPatch
                0x0000000000423c9b                V_LoadTintTable
                0x0000000000423cb4                V_LoadXlaTable
                0x0000000000423ccd                V_DrawBlock
                0x0000000000423d6f                V_DrawFilledBox
                0x0000000000423dd8                V_DrawHorizLine
                0x0000000000423e00                V_DrawVertLine
                0x0000000000423e27                V_DrawBox
                0x0000000000423ef0                V_DrawRawScreen
                0x0000000000423f04                V_Init
                0x0000000000423f05                V_UseBuffer
                0x0000000000423f0d                V_RestoreBuffer
                0x0000000000423f1c                WritePCXfile
                0x0000000000424028                V_ScreenShot
                0x00000000004240a8                V_DrawMouseSpeedBox
 .text          0x00000000004243bc     0x22f1 build/wi_stuff.o
                0x00000000004243bc                WI_slamBackground
                0x00000000004243cc                WI_Responder
                0x00000000004243cf                WI_drawLF
                0x00000000004244a3                WI_drawEL
                0x000000000042450f                WI_drawOnLnode
                0x00000000004245c2                WI_initAnimatedBack
                0x0000000000424687                WI_updateAnimatedBack
                0x0000000000424796                WI_drawAnimatedBack
                0x0000000000424804                WI_drawNum
                0x00000000004248e0                WI_drawPercent
                0x0000000000424911                WI_drawTime
                0x00000000004249ce                WI_End
                0x00000000004249d3                WI_unloadData
                0x0000000000424dce                WI_initNoState
                0x0000000000424dea                WI_updateNoState
                0x0000000000424e00                WI_initShowNextLoc
                0x0000000000424e20                WI_updateShowNextLoc
                0x0000000000424e6f                WI_drawShowNextLoc
                0x0000000000424f24                WI_drawNoState
                0x0000000000424f33                WI_fragSum
                0x0000000000424f77                WI_initDeathmatchStats
                0x0000000000425025                WI_updateDeathmatchStats
                0x0000000000425267                WI_drawDeathmatchStats
                0x000000000042545f                WI_initNetgameStats
                0x000000000042550c                WI_updateNetgameStats
                0x00000000004258d2                WI_drawNetgameStats
                0x0000000000425b38                WI_initStats
                0x0000000000425b85                WI_updateStats
                0x0000000000425ec8                WI_drawStats
                0x0000000000425fee                WI_checkForAccelerate
                0x0000000000426050                WI_Ticker
                0x00000000004260cd                WI_loadData
                0x0000000000426583                WI_Drawer
                0x00000000004265ca                WI_initVariables
                0x0000000000426636                WI_Start
 *fill*         0x00000000004266ad        0x3 
 .text          0x00000000004266b0      0x10f build/w_checksum.o
                0x00000000004266b0                W_Checksum
 *fill*         0x00000000004267bf        0x1 
 .text          0x00000000004267c0       0x28 build/w_file.o
                0x00000000004267c0                W_OpenFile
                0x00000000004267d9                W_CloseFile
                0x00000000004267df                W_Read
 .text          0x00000000004267e8       0x71 build/w_main.o
                0x00000000004267e8                W_ParseCommandLine
 *fill*         0x0000000000426859        0x3 
 .text          0x000000000042685c      0x687 build/w_wad.o
                0x000000000042685c                W_LumpNameHash
                0x000000000042688f                W_AddFile
                0x0000000000426b21                W_NumLumps
                0x0000000000426b28                W_CheckNumForName
                0x0000000000426bc3                W_GetNumForName
                0x0000000000426bee                W_LumpLength
                0x0000000000426c1a                W_ReadLump
                0x0000000000426c92                W_CacheLumpNum
                0x0000000000426d53                W_CacheLumpName
                0x0000000000426d65                W_ReleaseLumpNum
                0x0000000000426db4                W_ReleaseLumpName
                0x0000000000426dc2                W_GenerateHashTable
                0x0000000000426e66                W_CheckCorrectIWAD
 *fill*         0x0000000000426ee3        0x1 
 .text          0x0000000000426ee4      0x5d4 build/z_zone.o
                0x0000000000426ee4                Z_ClearZone
                0x0000000000426f1b                Z_Init
                0x0000000000426f72                Z_Free
                0x0000000000427013                Z_Malloc
                0x000000000042712c                Z_FreeTags
                0x000000000042717f                Z_DumpHeap
                0x0000000000427250                Z_FileDumpHeap
                0x0000000000427371                Z_CheckHeap
                0x00000000004273fb                Z_ChangeTag2
                0x0000000000427454                Z_ChangeUser
                0x0000000000427482                Z_FreeMemory
                0x00000000004274ae                Z_ZoneSize
 .text          0x00000000004274b8       0xa1 build/w_file_stdc.o
                0x00000000004274b8                W_StdC_Read
 *fill*         0x0000000000427559        0x3 
 .text          0x000000000042755c       0xd7 build/i_input.o
                0x000000000042755c                I_GetEvent
                0x0000000000427632                I_InitInput
 *fill*         0x0000000000427633        0x1 
 .text          0x0000000000427634      0x444 build/i_video.o
                0x0000000000427634                cmap_to_rgb565
                0x000000000042768e                cmap_to_fb
                0x000000000042777a                I_InitGraphics
                0x00000000004278f0                I_ShutdownGraphics
                0x00000000004278fc                I_StartFrame
                0x00000000004278fd                I_StartTic
                0x0000000000427902                I_UpdateNoBlit
                0x0000000000427903                I_FinishUpdate
                0x00000000004279c0                I_ReadScreen
                0x00000000004279d1                I_SetPalette
                0x0000000000427a21                I_GetPaletteIndex
                0x0000000000427a6b                I_BeginRead
                0x0000000000427a6c                I_EndRead
                0x0000000000427a6d                I_SetWindowTitle
                0x0000000000427a72                I_GraphicsCheckCommandLine
                0x0000000000427a73                I_SetGrabMouseCallback
                0x0000000000427a74                I_EnableLoadingDisk
                0x0000000000427a75                I_BindVideoVariables
                0x0000000000427a76                I_DisplayFPSDots
                0x0000000000427a77                I_CheckIsScreensaver
 .text          0x0000000000427a78       0x1a build/doomgeneric.o
                0x0000000000427a78                dg_Create
 *fill*         0x0000000000427a92        0x2 
 .text          0x0000000000427a94      0x427 build/doomgeneric_xlib.o
                0x0000000000427a94                DG_Init
                0x0000000000427bcc                DG_DrawFrame
                0x0000000000427df0                DG_SleepMs
                0x0000000000427dfb                DG_GetTicksMs
                0x0000000000427e3b                DG_GetKey
                0x0000000000427e6d                DG_SetWindowTitle
 *fill*         0x0000000000427ebb        0x5 
 .text          0x0000000000427ec0       0x75 /usr/lib/x86_64-linux-gnu/libc_nonshared.a(elf-init.oS)
                0x0000000000427ec0                __libc_csu_init
                0x0000000000427f30                __libc_csu_fini
 *(.gnu.warning)

.fini           0x0000000000427f38        0xd
 *(SORT_NONE(.fini))
 .fini          0x0000000000427f38        0x8 /usr/bin/../lib/gcc/x86_64-linux-gnu/9/../../../x86_64-linux-gnu/crti.o
                0x0000000000427f38                _fini
 .fini          0x0000000000427f40        0x5 /usr/bin/../lib/gcc/x86_64-linux-gnu/9/../../../x86_64-linux-gnu/crtn.o
                [!provide]                        PROVIDE (__etext = .)
                [!provide]                        PROVIDE (_etext = .)
                [!provide]                        PROVIDE (etext = .)
                0x0000000000428000                . = ALIGN (CONSTANT (MAXPAGESIZE))
                0x0000000000428000                . = SEGMENT_START ("rodata-segment", (ALIGN (CONSTANT (MAXPAGESIZE)) + (. & (CONSTANT (MAXPAGESIZE) - 0x1))))

.rodata         0x0000000000428000    0x19230
 *(.rodata .rodata.* .gnu.linkonce.r.*)
 .rodata.str1.1
                0x0000000000428000       0x15 build/i_main.o
 .rodata.str1.1
                0x0000000000428015       0x67 build/am_map.o
 *fill*         0x000000000042807c        0x4 
 .rodata.cst32  0x0000000000428080       0x20 build/am_map.o
 .rodata.cst16  0x00000000004280a0       0x10 build/am_map.o
 .rodata.str1.1
                0x00000000004280b0      0x328 build/dstrings.o
 .rodata.str1.1
                0x00000000004283d8      0x1c0 build/d_iwad.o
                                        0x1d3 (size before relaxing)
 *fill*         0x0000000000428598        0x8 
 .rodata        0x00000000004285a0      0x150 build/d_iwad.o
 .rodata.str1.1
                0x00000000004286f0       0x6e build/d_loop.o
 *fill*         0x000000000042875e        0x2 
 .rodata        0x0000000000428760      0x240 build/d_main.o
 .rodata.cst16  0x00000000004289a0       0x10 build/d_main.o
 .rodata.str1.1
                0x00000000004289b0      0x947 build/d_main.o
                                        0x995 (size before relaxing)
 *fill*         0x00000000004292f7        0x9 
 .rodata        0x0000000000429300      0x188 build/d_mode.o
 .rodata.str1.1
                0x0000000000429488       0x1a build/d_mode.o
                                         0x3c (size before relaxing)
 .rodata.str1.1
                0x00000000004294a2      0x155 build/d_net.o
                                        0x16d (size before relaxing)
 *fill*         0x00000000004295f7        0x1 
 .rodata        0x00000000004295f8       0x20 build/f_finale.o
 .rodata.str1.1
                0x0000000000429618     0x1ef5 build/f_finale.o
                                       0x1f08 (size before relaxing)
 *fill*         0x000000000042b50d        0x3 
 .rodata        0x000000000042b510       0x30 build/f_wipe.o
 .rodata        0x000000000042b540      0x1e0 build/g_game.o
 .rodata.cst16  0x000000000042b720       0x10 build/g_game.o
 .rodata.cst4   0x000000000042b730        0x4 build/g_game.o
 .rodata.str1.1
                0x000000000042b734      0x348 build/g_game.o
                                        0x369 (size before relaxing)
 *fill*         0x000000000042ba7c        0x4 
 .rodata        0x000000000042ba80       0x20 build/hu_stuff.o
 .rodata.str1.1
                0x000000000042baa0      0xc0f build/hu_stuff.o
 .rodata.str1.1
                0x000000000042c6af      0x2a3 build/info.o
                                        0x2b2 (size before relaxing)
 .rodata.str1.1
                0x000000000042c952       0xa7 build/i_joystick.o
 .rodata.str1.1
                0x000000000042c9f9       0x19 build/i_sound.o
                                         0x1a (size before relaxing)
 .rodata.str1.1
                0x000000000042ca12      0x211 build/i_system.o
 .rodata        0x000000000042cc23       0x1e build/i_system.o
 *fill*         0x000000000042cc41        0xf 
 .rodata.cst16  0x000000000042cc50       0x10 build/m_bbox.o
 .rodata        0x000000000042cc60      0x230 build/m_config.o
 .rodata.str1.1
                0x000000000042ce90      0xaf3 build/m_config.o
                                        0xc1c (size before relaxing)
 .rodata.str1.1
                0x000000000042d983       0x16 build/m_controls.o
                                        0x630 (size before relaxing)
 .rodata.str1.1
                0x000000000042d999      0x3f7 build/m_menu.o
                                        0x40f (size before relaxing)
 .rodata        0x000000000042dd90       0x20 build/m_menu.o
 .rodata.str1.1
                0x000000000042ddb0       0xde build/m_misc.o
                                         0xec (size before relaxing)
 *fill*         0x000000000042de8e        0x2 
 .rodata        0x000000000042de90      0x100 build/m_random.o
 .rodata        0x000000000042df90       0x60 build/p_ceilng.o
 .rodata        0x000000000042dff0       0xa0 build/p_doors.o
 .rodata.str1.1
                0x000000000042e090      0x137 build/p_doors.o
 *fill*         0x000000000042e1c7        0x1 
 .rodata        0x000000000042e1c8       0x20 build/p_enemy.o
 .rodata.str1.1
                0x000000000042e1e8       0x3b build/p_enemy.o
 *fill*         0x000000000042e223        0x5 
 .rodata        0x000000000042e228       0x68 build/p_floor.o
 .rodata        0x000000000042e290      0x188 build/p_inter.o
 .rodata.str1.1
                0x000000000042e418      0x3d7 build/p_inter.o
 .rodata.str1.1
                0x000000000042e7ef       0x72 build/p_map.o
 *fill*         0x000000000042e861        0xf 
 .rodata        0x000000000042e870      0x248 build/p_maputl.o
 .rodata.str1.1
                0x000000000042eab8       0x2d build/p_mobj.o
 *fill*         0x000000000042eae5        0x3 
 .rodata        0x000000000042eae8       0x28 build/p_plats.o
 .rodata.str1.1
                0x000000000042eb10       0x45 build/p_plats.o
 *fill*         0x000000000042eb55        0x3 
 .rodata        0x000000000042eb58       0x40 build/p_saveg.o
 .rodata.str1.1
                0x000000000042eb98       0xc3 build/p_saveg.o
                                         0xe1 (size before relaxing)
 .rodata.str1.1
                0x000000000042ec5b       0x5a build/p_setup.o
 .rodata.str1.1
                0x000000000042ecb5       0x28 build/p_sight.o
 *fill*         0x000000000042ecdd        0x3 
 .rodata        0x000000000042ece0      0x550 build/p_spec.o
 .rodata.str1.1
                0x000000000042f230      0x242 build/p_spec.o
 *fill*         0x000000000042f472        0x6 
 .rodata        0x000000000042f478      0x460 build/p_switch.o
 .rodata.str1.1
                0x000000000042f8d8       0x25 build/p_switch.o
 .rodata.str1.1
                0x000000000042f8fd       0x23 build/r_bsp.o
 .rodata.str1.1
                0x000000000042f920      0x120 build/r_data.o
                                        0x12e (size before relaxing)
 .rodata.str1.1
                0x000000000042fa40       0xa6 build/r_draw.o
 .rodata.str1.1
                0x000000000042fae6       0xa6 build/r_plane.o
 .rodata.str1.1
                0x000000000042fb8c       0x20 build/r_segs.o
 .rodata.str1.1
                0x000000000042fbac      0x1d2 build/r_things.o
 *fill*         0x000000000042fd7e        0x2 
 .rodata.cst16  0x000000000042fd80       0x10 build/sha1.o
 .rodata.str1.1
                0x000000000042fd90      0x186 build/sounds.o
                                        0x191 (size before relaxing)
 .rodata.str1.1
                0x000000000042ff16        0xa build/statdump.o
 .rodata.str1.1
                0x000000000042ff16       0x5b build/st_lib.o
 .rodata.str1.1
                0x000000000042ff71      0x1b1 build/st_stuff.o
                                        0x1b9 (size before relaxing)
 *fill*         0x0000000000430122        0xe 
 .rodata        0x0000000000430130       0x24 build/s_sound.o
 .rodata.str1.1
                0x0000000000430154       0x69 build/s_sound.o
 *fill*         0x00000000004301bd        0x3 
 .rodata        0x00000000004301c0    0x10510 build/tables.o
                0x00000000004301c0                finetangent
                0x00000000004341c0                finesine
                0x000000000043e1c0                tantoangle
                0x00000000004401d0                gammatable
 .rodata.cst4   0x00000000004406d0        0x4 build/v_video.o
 *fill*         0x00000000004406d4        0xc 
 .rodata.cst16  0x00000000004406e0       0x10 build/v_video.o
 .rodata.cst8   0x00000000004406f0        0x8 build/v_video.o
 .rodata.str1.1
                0x00000000004406f8      0x100 build/v_video.o
                                        0x108 (size before relaxing)
 *fill*         0x00000000004407f8        0x8 
 .rodata        0x0000000000440800      0x1d0 build/wi_stuff.o
 .rodata.str1.1
                0x00000000004409d0       0xf9 build/wi_stuff.o
                                        0x10b (size before relaxing)
 *fill*         0x0000000000440ac9        0x7 
 .rodata.str4.16
                0x0000000000440ad0       0x10 build/wi_stuff.o
 .rodata.str1.1
                0x0000000000440ae0        0x6 build/w_file.o
 .rodata.str1.1
                0x0000000000440ae6        0x6 build/w_main.o
                                         0x12 (size before relaxing)
 .rodata.str1.1
                0x0000000000440aec      0x1d2 build/w_wad.o
                                        0x1d6 (size before relaxing)
 *fill*         0x0000000000440cbe        0x2 
 .rodata        0x0000000000440cc0       0x40 build/w_wad.o
 .rodata.str1.1
                0x0000000000440d00      0x323 build/z_zone.o
 .rodata.str1.1
                0x0000000000441023        0x3 build/w_file_stdc.o
 *fill*         0x0000000000441023        0xd 
 .rodata        0x0000000000441030       0x80 build/i_input.o
 .rodata.str1.1
                0x00000000004410b0      0x15b build/i_video.o
 *fill*         0x000000000044120b        0x5 
 .rodata        0x0000000000441210       0x20 build/doomgeneric_xlib.o

.rodata1
 *(.rodata1)

.eh_frame_hdr   0x0000000000441230     0x1a3c
 *(.eh_frame_hdr)
 .eh_frame_hdr  0x0000000000441230     0x1a3c /usr/bin/../lib/gcc/x86_64-linux-gnu/9/../../../x86_64-linux-gnu/crt1.o
                0x0000000000441230                __GNU_EH_FRAME_HDR
 *(.eh_frame_entry .eh_frame_entry.*)

.eh_frame       0x0000000000442c70     0x7fb0
 *(.eh_frame)
 .eh_frame      0x0000000000442c70       0x40 /usr/bin/../lib/gcc/x86_64-linux-gnu/9/../../../x86_64-linux-gnu/crt1.o
                                         0x5c (size before relaxing)
 *fill*         0x0000000000442cb0        0x0 
 .eh_frame      0x0000000000442cb0       0x28 /usr/bin/../lib/gcc/x86_64-linux-gnu/9/../../../x86_64-linux-gnu/crt1.o
                                         0x40 (size before relaxing)
 .eh_frame      0x0000000000442cd8        0x0 /usr/bin/../lib/gcc/x86_64-linux-gnu/9/../../../x86_64-linux-gnu/crt1.o
 .eh_frame      0x0000000000442cd8       0x18 build/i_main.o
                                         0x30 (size before relaxing)
 .eh_frame      0x0000000000442cf0       0x18 build/dummy.o
                                         0x30 (size before relaxing)
 .eh_frame      0x0000000000442d08      0x520 build/am_map.o
                                        0x538 (size before relaxing)
 .eh_frame      0x0000000000443228       0x28 build/d_event.o
                                         0x40 (size before relaxing)
 .eh_frame      0x0000000000443250      0x140 build/d_iwad.o
                                        0x158 (size before relaxing)
 .eh_frame      0x0000000000443390      0x138 build/d_loop.o
                                        0x150 (size before relaxing)
 .eh_frame      0x00000000004434c8      0x1e0 build/d_main.o
                                        0x1f8 (size before relaxing)
 .eh_frame      0x00000000004436a8       0x90 build/d_mode.o
                                         0xa8 (size before relaxing)
 .eh_frame      0x0000000000443738       0x80 build/d_net.o
                                         0x98 (size before relaxing)
 .eh_frame      0x00000000004437b8      0x1d8 build/f_finale.o
                                        0x1f0 (size before relaxing)
 .eh_frame      0x0000000000443990      0x1a8 build/f_wipe.o
                                        0x1c0 (size before relaxing)
 .eh_frame      0x0000000000443b38      0x548 build/g_game.o
                                        0x560 (size before relaxing)
 .eh_frame      0x0000000000444080      0x270 build/hu_lib.o
                                        0x288 (size before relaxing)
 .eh_frame      0x00000000004442f0      0x138 build/hu_stuff.o
                                        0x150 (size before relaxing)
 .eh_frame      0x0000000000444428        0x0 build/i_cdmus.o
                                         0xd0 (size before relaxing)
 .eh_frame      0x0000000000444428       0x18 build/i_endoom.o
                                         0x30 (size before relaxing)
 .eh_frame      0x0000000000444440       0x70 build/i_joystick.o
                                         0x88 (size before relaxing)
 .eh_frame      0x00000000004444b0        0x0 build/i_scale.o
                                        0x368 (size before relaxing)
 .eh_frame      0x00000000004444b0      0x1a0 build/i_sound.o
                                        0x1b8 (size before relaxing)
 .eh_frame      0x0000000000444650      0x188 build/i_system.o
                                        0x1a0 (size before relaxing)
 .eh_frame      0x00000000004447d8       0x80 build/i_timer.o
                                         0x98 (size before relaxing)
 .eh_frame      0x0000000000444858        0x0 build/memio.o
                                        0x128 (size before relaxing)
 .eh_frame      0x0000000000444858       0x98 build/m_argv.o
                                         0xb0 (size before relaxing)
 .eh_frame      0x00000000004448f0       0x28 build/m_bbox.o
                                         0x40 (size before relaxing)
 .eh_frame      0x0000000000444918       0x50 build/m_cheat.o
                                         0x68 (size before relaxing)
 .eh_frame      0x0000000000444968      0x1a0 build/m_config.o
                                        0x1b8 (size before relaxing)
 .eh_frame      0x0000000000444b08      0x100 build/m_controls.o
                                        0x118 (size before relaxing)
 .eh_frame      0x0000000000444c08       0x28 build/m_fixed.o
                                         0x40 (size before relaxing)
 .eh_frame      0x0000000000444c30      0x678 build/m_menu.o
                                        0x690 (size before relaxing)
 .eh_frame      0x00000000004452a8      0x378 build/m_misc.o
                                        0x390 (size before relaxing)
 .eh_frame      0x0000000000445620       0x40 build/m_random.o
                                         0x58 (size before relaxing)
 .eh_frame      0x0000000000445660       0xe8 build/p_ceilng.o
                                        0x100 (size before relaxing)
 .eh_frame      0x0000000000445748      0x120 build/p_doors.o
                                        0x138 (size before relaxing)
 .eh_frame      0x0000000000445868      0xa40 build/p_enemy.o
                                        0xa58 (size before relaxing)
 .eh_frame      0x00000000004462a8      0x108 build/p_floor.o
                                        0x120 (size before relaxing)
 .eh_frame      0x00000000004463b0      0x198 build/p_inter.o
                                        0x1b0 (size before relaxing)
 .eh_frame      0x0000000000446548      0x1b8 build/p_lights.o
                                        0x1d0 (size before relaxing)
 .eh_frame      0x0000000000446700      0x3f0 build/p_map.o
                                        0x408 (size before relaxing)
 .eh_frame      0x0000000000446af0      0x2f8 build/p_maputl.o
                                        0x310 (size before relaxing)
 .eh_frame      0x0000000000446de8      0x3c8 build/p_mobj.o
                                        0x3e0 (size before relaxing)
 .eh_frame      0x00000000004471b0      0x100 build/p_plats.o
                                        0x118 (size before relaxing)
 .eh_frame      0x00000000004472b0      0x428 build/p_pspr.o
                                        0x440 (size before relaxing)
 .eh_frame      0x00000000004476d8      0x408 build/p_saveg.o
                                        0x420 (size before relaxing)
 .eh_frame      0x0000000000447ae0      0x280 build/p_setup.o
                                        0x298 (size before relaxing)
 .eh_frame      0x0000000000447d60       0xf8 build/p_sight.o
                                        0x110 (size before relaxing)
 .eh_frame      0x0000000000447e58      0x2d8 build/p_spec.o
                                        0x2f0 (size before relaxing)
 .eh_frame      0x0000000000448130       0xc8 build/p_switch.o
                                         0xe0 (size before relaxing)
 .eh_frame      0x00000000004481f8       0x50 build/p_telept.o
                                         0x68 (size before relaxing)
 .eh_frame      0x0000000000448248       0xa0 build/p_tick.o
                                         0xb8 (size before relaxing)
 .eh_frame      0x00000000004482e8       0xb8 build/p_user.o
                                         0xd0 (size before relaxing)
 .eh_frame      0x00000000004483a0      0x170 build/r_bsp.o
                                        0x188 (size before relaxing)
 .eh_frame      0x0000000000448510      0x290 build/r_data.o
                                        0x2a8 (size before relaxing)
 .eh_frame      0x00000000004487a0      0x210 build/r_draw.o
                                        0x228 (size before relaxing)
 .eh_frame      0x00000000004489b0      0x228 build/r_main.o
                                        0x240 (size before relaxing)
 .eh_frame      0x0000000000448bd8      0x178 build/r_plane.o
                                        0x190 (size before relaxing)
 .eh_frame      0x0000000000448d50       0xc8 build/r_segs.o
                                         0xe0 (size before relaxing)
 .eh_frame      0x0000000000448e18       0x18 build/r_sky.o
                                         0x30 (size before relaxing)
 .eh_frame      0x0000000000448e30      0x2b8 build/r_things.o
                                        0x2d0 (size before relaxing)
 .eh_frame      0x00000000004490e8      0x128 build/sha1.o
                                        0x140 (size before relaxing)
 .eh_frame      0x0000000000449210       0x40 build/statdump.o
                                         0x58 (size before relaxing)
 .eh_frame      0x0000000000449250      0x190 build/st_lib.o
                                        0x1a8 (size before relaxing)
 .eh_frame      0x00000000004493e0      0x2a0 build/st_stuff.o
                                        0x2b8 (size before relaxing)
 .eh_frame      0x0000000000449680      0x258 build/s_sound.o
                                        0x270 (size before relaxing)
 .eh_frame      0x00000000004498d8       0x18 build/tables.o
                                         0x30 (size before relaxing)
 .eh_frame      0x00000000004498f0      0x460 build/v_video.o
                                        0x478 (size before relaxing)
 .eh_frame      0x0000000000449d50      0x548 build/wi_stuff.o
                                        0x560 (size before relaxing)
 .eh_frame      0x000000000044a298       0x50 build/w_checksum.o
                                         0x68 (size before relaxing)
 .eh_frame      0x000000000044a2e8       0x48 build/w_file.o
                                         0x60 (size before relaxing)
 .eh_frame      0x000000000044a330       0x30 build/w_main.o
                                         0x48 (size before relaxing)
 .eh_frame      0x000000000044a360      0x238 build/w_wad.o
                                        0x250 (size before relaxing)
 .eh_frame      0x000000000044a598      0x1f0 build/z_zone.o
                                        0x208 (size before relaxing)
 .eh_frame      0x000000000044a788       0x70 build/w_file_stdc.o
                                         0x88 (size before relaxing)
 .eh_frame      0x000000000044a7f8       0x50 build/i_input.o
                                         0x68 (size before relaxing)
 .eh_frame      0x000000000044a848      0x228 build/i_video.o
                                        0x240 (size before relaxing)
 .eh_frame      0x000000000044aa70       0x18 build/doomgeneric.o
                                         0x30 (size before relaxing)
 .eh_frame      0x000000000044aa88      0x138 build/doomgeneric_xlib.o
                                        0x150 (size before relaxing)
 .eh_frame      0x000000000044abc0       0x5c /usr/lib/x86_64-linux-gnu/libc_nonshared.a(elf-init.oS)
                                         0x78 (size before relaxing)
 .eh_frame      0x000000000044ac1c        0x4 /usr/bin/../lib/gcc/x86_64-linux-gnu/9/crtend.o
 *(.eh_frame.*)

.gcc_except_table
 *(.gcc_except_table .gcc_except_table.*)

.gnu_extab
 *(.gnu_extab*)

.exception_ranges
 *(.exception_ranges*)
                0x000000000044bdf0                . = DATA_SEGMENT_ALIGN (CONSTANT (MAXPAGESIZE), CONSTANT (COMMONPAGESIZE))

.eh_frame
 *(.eh_frame)
 *(.eh_frame.*)

.gnu_extab
 *(.gnu_extab)

.gcc_except_table
 *(.gcc_except_table .gcc_except_table.*)

.exception_ranges
 *(.exception_ranges*)

.tdata          0x000000000044bdf0        0x0
                [!provide]                        PROVIDE (__tdata_start = .)
 *(.tdata .tdata.* .gnu.linkonce.td.*)

.tbss
 *(.tbss .tbss.* .gnu.linkonce.tb.*)
 *(.tcommon)

.preinit_array  0x000000000044bdf0        0x0
                [!provide]                        PROVIDE (__preinit_array_start = .)
 *(.preinit_array)
                [!provide]                        PROVIDE (__preinit_array_end = .)

.init_array     0x000000000044bdf0        0x8
                0x000000000044bdf0                PROVIDE (__init_array_start = .)